<html>
<body>
<pre>
<h1>µVision Build Log</h1>
<h2>Project:</h2>
E:\v25he5d2\v25he5d2_ARM\majorproject\major_project.uvproj
Project File Date:  05/16/2026

<h2>Output:</h2>
Build target 'Target 1'
assembling Startup.s...
compiling mp_lcd.c...
compiling mp_ds18b20.c...
compiling mp_main.c...
compiling mp_delay.c...
compiling mp_interrupt.c...
compiling mp_can.c...
linking...
Program Size: Code=6104 RO-data=32 RW-data=36 ZI-data=1260  
FromELF: creating hex file...
"major_project.axf" - 0 Error(s), 0 Warning(s).
Build target 'Target 1'
assembling Startup.s...
compiling mp_lcd.c...
compiling mp_ds18b20.c...
compiling mp_main.c...
compiling mp_delay.c...
compiling mp_interrupt.c...
compiling mp_can.c...
linking...
Program Size: Code=6104 RO-data=32 RW-data=36 ZI-data=1260  
FromELF: creating hex file...
"major_project.axf" - 0 Error(s), 0 Warning(s).
Build target 'Target 1'
assembling Startup.s...
compiling mp_delay.c...
compiling mp_can.c...
compiling mp_main2.c...
linking...
Program Size: Code=1600 RO-data=32 RW-data=8 ZI-data=1256  
FromELF: creating hex file...
"major_project.axf" - 0 Error(s), 0 Warning(s).
Build target 'Target 1'
assembling Startup.s...
compiling mp_delay.c...
compiling mp_can.c...
compiling mp_ultasonic.c...
compiling mp_main3.c...
linking...
Program Size: Code=2760 RO-data=32 RW-data=4 ZI-data=1260  
FromELF: creating hex file...
"major_project.axf" - 0 Error(s), 0 Warning(s).
Build target 'Target 1'
assembling Startup.s...
compiling mp_delay.c...
compiling mp_can.c...
compiling mp_ultasonic.c...
compiling mp_main3.c...
linking...
major_project.axf: Error: L6218E: Undefined symbol CMD_LCD (referred from mp_main3.o).
major_project.axf: Error: L6218E: Undefined symbol INIT_LCD (referred from mp_main3.o).
major_project.axf: Error: L6218E: Undefined symbol INT_LCD (referred from mp_main3.o).
major_project.axf: Error: L6218E: Undefined symbol STR_LCD (referred from mp_main3.o).
major_project.axf: Not enough information to list image symbols.
major_project.axf: Finished: 1 information, 0 warning and 4 error messages.
Target not created
Build target 'Target 1'
assembling Startup.s...
compiling mp_lcd.c...
compiling mp_delay.c...
compiling mp_can.c...
compiling mp_ultasonic.c...
compiling mp_main3.c...
linking...
Program Size: Code=3952 RO-data=16 RW-data=0 ZI-data=1256  
FromELF: creating hex file...
"major_project.axf" - 0 Error(s), 0 Warning(s).
Build target 'Target 1'
assembling Startup.s...
compiling mp_lcd.c...
compiling mp_delay.c...
compiling mp_can.c...
compiling mp_ultasonic.c...
compiling mp_main3.c...
linking...
Program Size: Code=3952 RO-data=16 RW-data=0 ZI-data=1256  
FromELF: creating hex file...
"major_project.axf" - 0 Error(s), 0 Warning(s).
Build target 'Target 1'
assembling Startup.s...
compiling mp_delay.c...
compiling mp_can.c...
compiling mp_ultasonic.c...
compiling mp_main3.c...
mp_main3.c(109): warning:  #1-D: last line of file ends without a newline
mp_main3.c:     */
mp_main3.c:       ^
mp_main3.c: mp_main3.c: 1 warning, 0 errors
linking...
Program Size: Code=2776 RO-data=32 RW-data=4 ZI-data=1260  
FromELF: creating hex file...
"major_project.axf" - 0 Error(s), 1 Warning(s).
Build target 'Target 1'
assembling Startup.s...
compiling mp_delay.c...
compiling mp_can.c...
compiling mp_ultasonic.c...
compiling mp_main3.c...
mp_main3.c(107): warning:  #1-D: last line of file ends without a newline
mp_main3.c:   } */
mp_main3.c:       ^
mp_main3.c: mp_main3.c: 1 warning, 0 errors
linking...
Program Size: Code=2776 RO-data=32 RW-data=4 ZI-data=1260  
FromELF: creating hex file...
"major_project.axf" - 0 Error(s), 1 Warning(s).
Build target 'Target 1'
assembling Startup.s...
compiling mp_delay.c...
compiling mp_can.c...
compiling mp_ultasonic.c...
compiling mp_main3.c...
linking...
Program Size: Code=2776 RO-data=32 RW-data=4 ZI-data=1260  
FromELF: creating hex file...
"major_project.axf" - 0 Error(s), 0 Warning(s).
Build target 'Target 1'
assembling Startup.s...
compiling mp_delay.c...
compiling mp_can.c...
compiling mp_ultasonic.c...
compiling mp_main3.c...
linking...
Program Size: Code=2776 RO-data=32 RW-data=4 ZI-data=1260  
FromELF: creating hex file...
"major_project.axf" - 0 Error(s), 0 Warning(s).
Build target 'Target 1'
assembling Startup.s...
compiling mp_delay.c...
compiling mp_can.c...
compiling mp_ultasonic.c...
compiling mp_main3.c...
linking...
Program Size: Code=2776 RO-data=32 RW-data=4 ZI-data=1260  
FromELF: creating hex file...
"major_project.axf" - 0 Error(s), 0 Warning(s).
Build target 'Target 1'
assembling Startup.s...
compiling mp_delay.c...
compiling mp_can.c...
compiling mp_ultasonic.c...
compiling mp_main3.c...
linking...
Program Size: Code=2776 RO-data=32 RW-data=4 ZI-data=1260  
FromELF: creating hex file...
"major_project.axf" - 0 Error(s), 0 Warning(s).
Build target 'Target 1'
assembling Startup.s...
compiling mp_lcd.c...
compiling mp_ds18b20.c...
compiling mp_main.c...
mp_main.c(144): error:  #65: expected a ";"
mp_main.c:              STR_LCD("                 ");
mp_main.c:              ^
mp_main.c: mp_main.c: 0 warnings, 1 error
compiling mp_delay.c...
compiling mp_interrupt.c...
compiling mp_can.c...
Target not created
Build target 'Target 1'
assembling Startup.s...
compiling mp_lcd.c...
compiling mp_ds18b20.c...
compiling mp_main.c...
compiling mp_delay.c...
compiling mp_interrupt.c...
compiling mp_can.c...
linking...
Program Size: Code=6140 RO-data=32 RW-data=36 ZI-data=1260  
FromELF: creating hex file...
"major_project.axf" - 0 Error(s), 0 Warning(s).
Build target 'Target 1'
assembling Startup.s...
compiling mp_lcd.c...
compiling mp_ds18b20.c...
compiling mp_main.c...
compiling mp_delay.c...
compiling mp_interrupt.c...
compiling mp_can.c...
linking...
Program Size: Code=6104 RO-data=32 RW-data=36 ZI-data=1260  
FromELF: creating hex file...
"major_project.axf" - 0 Error(s), 0 Warning(s).
Build target 'Target 1'
assembling Startup.s...
compiling mp_lcd.c...
compiling mp_ds18b20.c...
compiling mp_main.c...
compiling mp_delay.c...
compiling mp_interrupt.c...
compiling mp_can.c...
linking...
Program Size: Code=6104 RO-data=32 RW-data=36 ZI-data=1260  
FromELF: creating hex file...
"major_project.axf" - 0 Error(s), 0 Warning(s).
Build target 'Target 1'
assembling Startup.s...
compiling mp_lcd.c...
compiling mp_ds18b20.c...
compiling mp_main.c...
compiling mp_delay.c...
compiling mp_interrupt.c...
compiling mp_can.c...
linking...
Program Size: Code=6104 RO-data=32 RW-data=36 ZI-data=1260  
FromELF: creating hex file...
"major_project.axf" - 0 Error(s), 0 Warning(s).
Build target 'Target 1'
assembling Startup.s...
compiling mp_lcd.c...
compiling mp_ds18b20.c...
compiling mp_main.c...
compiling mp_delay.c...
compiling mp_interrupt.c...
compiling mp_can.c...
linking...
Program Size: Code=6140 RO-data=32 RW-data=36 ZI-data=1260  
FromELF: creating hex file...
"major_project.axf" - 0 Error(s), 0 Warning(s).
Build target 'Target 1'
assembling Startup.s...
compiling mp_lcd.c...
compiling mp_ds18b20.c...
compiling mp_main.c...
compiling mp_delay.c...
compiling mp_interrupt.c...
compiling mp_can.c...
linking...
Program Size: Code=6104 RO-data=32 RW-data=36 ZI-data=1260  
FromELF: creating hex file...
"major_project.axf" - 0 Error(s), 0 Warning(s).
Build target 'Target 1'
assembling Startup.s...
compiling mp_lcd.c...
compiling mp_ds18b20.c...
compiling mp_main.c...
compiling mp_delay.c...
compiling mp_interrupt.c...
compiling mp_can.c...
linking...
Program Size: Code=6100 RO-data=32 RW-data=36 ZI-data=1260  
FromELF: creating hex file...
"major_project.axf" - 0 Error(s), 0 Warning(s).
Build target 'Target 1'
assembling Startup.s...
compiling mp_lcd.c...
compiling mp_ds18b20.c...
compiling mp_main.c...
compiling mp_delay.c...
compiling mp_interrupt.c...
compiling mp_can.c...
linking...
Program Size: Code=6100 RO-data=32 RW-data=36 ZI-data=1260  
FromELF: creating hex file...
"major_project.axf" - 0 Error(s), 0 Warning(s).
Build target 'Target 1'
assembling Startup.s...
compiling mp_lcd.c...
compiling mp_ds18b20.c...
compiling mp_main.c...
compiling mp_delay.c...
compiling mp_interrupt.c...
compiling mp_can.c...
linking...
Program Size: Code=6100 RO-data=32 RW-data=36 ZI-data=1260  
FromELF: creating hex file...
"major_project.axf" - 0 Error(s), 0 Warning(s).
Build target 'Target 1'
assembling Startup.s...
compiling mp_lcd.c...
compiling mp_ds18b20.c...
compiling mp_main.c...
compiling mp_delay.c...
compiling mp_interrupt.c...
compiling mp_can.c...
linking...
Program Size: Code=6100 RO-data=32 RW-data=36 ZI-data=1260  
FromELF: creating hex file...
"major_project.axf" - 0 Error(s), 0 Warning(s).
Build target 'Target 1'
assembling Startup.s...
compiling mp_lcd.c...
compiling mp_ds18b20.c...
compiling mp_main.c...
compiling mp_delay.c...
compiling mp_interrupt.c...
compiling mp_can.c...
linking...
Program Size: Code=6100 RO-data=32 RW-data=36 ZI-data=1260  
FromELF: creating hex file...
"major_project.axf" - 0 Error(s), 0 Warning(s).
Build target 'Target 1'
assembling Startup.s...
compiling mp_lcd.c...
compiling mp_ds18b20.c...
compiling mp_main.c...
compiling mp_delay.c...
compiling mp_interrupt.c...
compiling mp_can.c...
linking...
Program Size: Code=6100 RO-data=32 RW-data=36 ZI-data=1260  
FromELF: creating hex file...
"major_project.axf" - 0 Error(s), 0 Warning(s).
Build target 'Target 1'
assembling Startup.s...
compiling mp_lcd.c...
compiling mp_ds18b20.c...
compiling mp_main.c...
compiling mp_delay.c...
compiling mp_interrupt.c...
compiling mp_can.c...
linking...
Program Size: Code=6100 RO-data=32 RW-data=36 ZI-data=1260  
FromELF: creating hex file...
"major_project.axf" - 0 Error(s), 0 Warning(s).
Build target 'Target 1'
assembling Startup.s...
compiling mp_lcd.c...
compiling mp_ds18b20.c...
compiling mp_main.c...
compiling mp_delay.c...
compiling mp_interrupt.c...
compiling mp_can.c...
linking...
Program Size: Code=6100 RO-data=32 RW-data=36 ZI-data=1260  
FromELF: creating hex file...
"major_project.axf" - 0 Error(s), 0 Warning(s).
Build target 'Target 1'
assembling Startup.s...
compiling mp_delay.c...
compiling mp_can.c...
compiling mp_main2.c...
linking...
Program Size: Code=1600 RO-data=32 RW-data=8 ZI-data=1256  
FromELF: creating hex file...
"major_project.axf" - 0 Error(s), 0 Warning(s).
Build target 'Target 1'
assembling Startup.s...
compiling mp_delay.c...
compiling mp_can.c...
compiling mp_ultasonic.c...
compiling mp_main3.c...
linking...
Program Size: Code=2776 RO-data=32 RW-data=4 ZI-data=1260  
FromELF: creating hex file...
"major_project.axf" - 0 Error(s), 0 Warning(s).
